btop                                        
fastfetch                                   

unzip                                       
fzf                                        
bat                                          
ripgrep                                     
fd                                         
stow                                       

zsh                                        

hyprland                                   
hyprlock                                   
swww                                        
grim                                        
slurp                                       
swaync                                       
waybar                                      
rofi                                         
xdg-desktop-portal-hyprland                 
xdg-desktop-portal-gtk                      

brightnessctl                                
network-manager-applet                    
bluez                                       
bluez-utils                                  
blueman                                    
pipewire                                    
wireplumber                                  
pavucontrol                                  
kitty                                       

nemo                                        
satty                                       

sddm                                         
qt5ct                                        
qt6ct                                        
starship                                      

code                                        

nwg-look                                      
adw-gtk-theme                                
cliphist                                   
noto-fonts-cjk                               
tela-circle-icon-theme-dracula                
cantarell-fonts                              
